// Jest Snapshot v1, https://goo.gl/fbAQLP

exports[`matches snapshot 1`] = `
<div>
  <div
    class="display panel"
  >
    <div
      class="led green-led"
    >
      Unlocked
    </div>
    <div
      class="led green-led"
    >
      Open
    </div>
  </div>
</div>
`;
