<!DOCTYPE HTML PUBLIC "-//W3C//DTD HTML 4.01 Transitional//EN" "http://www.w3.org/TR/html4/loose.dtd">
<html>

<head>
<meta http-equiv="Content-Type" content="text/html; charset=UTF-8">
<title>C:/Lambda/CIRRICULUMN/Lambda-Student-Resource-Site/WEEKS/12-Core-Site/REACT/REACT/REPOS/react-docgen-master/src/utils/__tests__/__snapshots__</title>
<link rel="stylesheet" href="https://cdn.jsdelivr.net/gh/bgoonz/GIT-CDN-FILES/right.css">
</head>

<body>

<table border="0" cellspacing="1" cellpadding="2" summary="file table" class="file-table centered">
<tr><td colspan="4" class="header-row"><b>Folders</b></td></tr>
<tr><td><a href="../right.html" target="rframe">&lt;Go Back&gt;</a></td></tr>
</table>
<br>

<table border="0" cellspacing="1" cellpadding="2" summary="file table" class="file-table centered">
<tr><th><b>File</b></th><th><b>File</b></th><th><b>File</b></th><th><b>File</b></th></tr>
<tr><td><a href="getMembers-test.js.snap" target="_parent">getMember...s.snap</a>&nbsp;</td><td><a href="getMethodDocumentation-test.js.snap" target="_parent">getMethod...s.snap</a>&nbsp;</td><td><a href="getPropType-test.js.snap" target="_parent">getPropTy...s.snap</a>&nbsp;</td><td><a href="parseJsDoc-test.js.snap" target="_parent">parseJsDo...s.snap</a>&nbsp;</td></tr>
</table>

<p class="summary-style">
Folders:  1<br>
Files: 4<br>
Size of all files: 16905 KB</p>

</body>
</html>