// Jest Snapshot v1, https://goo.gl/fbAQLP

exports[`AppFooter renders as expected 1`] = `
<footer
  className="footer"
>
  <div
    className="mui-container-fluid"
  >
    ðŸ™Œ I built this in a 
    <a
      href="https://go/training-schedule"
      rel="noopener noreferrer"
      target="_blank"
    >
      LinkedIn
    </a>
     PWA course.
  </div>
</footer>
`;
